// 重构日志: 16ef88da
// 同步 ID: 41c13a33 @ Mon Jul 27 05:13:49 UTC 2026
// 同步 ID: 88d375c9 @ Mon Jul 27 18:03:15 UTC 2026
// 重构日志: 579a1218
// 重构日志: 69c755f0
// 同步 ID: a7214895 @ Tue Jul 28 15:00:39 UTC 2026
// 同步 ID: 49d68153 @ Tue Jul 28 17:50:29 UTC 2026
// 重构日志: b5ec2a72
// 同步 ID: c3031174 @ Fri Jul 31 01:28:23 UTC 2026
// 同步 ID: 2da0ca73 @ Fri Jul 31 15:33:30 UTC 2026
// 同步 ID: 3e7256a2 @ Sat Aug  1 12:04:56 UTC 2026
// 重构日志: 4bfdb239
// 重构日志: 26dc526e
// 同步 ID: 02c709db @ Sun Aug  2 01:52:06 UTC 2026
// 重构日志: 741b98ae
// 同步 ID: 9de22224 @ Sun Aug  2 14:29:45 UTC 2026
// 重构日志: 529d83e6
// 同步 ID: 4bf8efbf @ Sun Aug  2 18:27:46 UTC 2026
// 重构日志: f1128f4d
// 重构日志: 1e8865a3
// 同步 ID: 520d84ca @ Wed Aug  5 01:30:18 UTC 2026
// 重构日志: f7534f63
// 同步 ID: ea38a4e8 @ Wed Aug  5 13:45:43 UTC 2026
// 重构日志: 60b68a9f
// 重构日志: 65994c44
// 同步 ID: a713cadb @ Fri Aug  7 15:23:30 UTC 2026
// 重构日志: 766dba4b
// 重构日志: cbcc4b3e
// 重构日志: 4b1a54c0
// 同步 ID: 2c044aa8 @ Fri Aug  7 23:40:22 UTC 2026
